PAD {"pad":"82px","scroll":0,"scrollH":1018,"clientH":512,"vh":568}
PAD {"pad":"82px","scroll":0,"scrollH":2107,"clientH":568,"vh":568}
PAD {"pad":"82px","scroll":1,"scrollH":661,"clientH":568,"vh":568}
GEO {"label":"Создать ритуал","ctaBox":{"x":89.5,"y":398.296875,"width":141,"height":48},"navBox":{"x":9,"y":508,"width":302,"height":51}}
GEO {"label":"+ Новый ритуал","ctaBox":{"x":85.96875,"y":498.296875,"width":148.046875,"height":48},"navBox":{"x":9,"y":508,"width":302,"height":51}}
PAD {"pad":"82px","scroll":1,"scrollH":681,"clientH":568,"vh":568}
GEO {"label":"Принять аскезу","ctaBox":{"x":89.5,"y":417.796875,"width":141,"height":48},"navBox":{"x":9,"y":508,"width":302,"height":51}}
GEO {"label":"+ Новая аскеза","ctaBox":{"x":88.46875,"y":517.796875,"width":143.046875,"height":48},"navBox":{"x":9,"y":508,"width":302,"height":51}}
PAD {"pad":"82px","scroll":0,"scrollH":1299,"clientH":568,"vh":568}
PAD {"pad":"82px","scroll":0,"scrollH":2023,"clientH":568,"vh":568}
PAD {"pad":"82px","scroll":0,"scrollH":1018,"clientH":756,"vh":812}
PAD {"pad":"82px","scroll":0,"scrollH":1928,"clientH":812,"vh":812}
PAD {"pad":"82px","scroll":1,"scrollH":813,"clientH":812,"vh":812}
GEO {"label":"Создать ритуал","ctaBox":{"x":113,"y":436.796875,"width":149,"height":52},"navBox":{"x":21,"y":752,"width":333,"height":51}}
GEO {"label":"+ Новый ритуал","ctaBox":{"x":109.46875,"y":540.796875,"width":156.046875,"height":52},"navBox":{"x":21,"y":752,"width":333,"height":51}}
PAD {"pad":"82px","scroll":1,"scrollH":813,"clientH":812,"vh":812}
GEO {"label":"Принять аскезу","ctaBox":{"x":113,"y":436.796875,"width":149,"height":52},"navBox":{"x":21,"y":752,"width":333,"height":51}}
GEO {"label":"+ Новая аскеза","ctaBox":{"x":111.96875,"y":540.796875,"width":151.046875,"height":52},"navBox":{"x":21,"y":752,"width":333,"height":51}}
PAD {"pad":"82px","scroll":0,"scrollH":1274,"clientH":812,"vh":812}
PAD {"pad":"82px","scroll":0,"scrollH":2023,"clientH":812,"vh":812}
PAD {"pad":"82px","scroll":0,"scrollH":1018,"clientH":788,"vh":844}
PAD {"pad":"82px","scroll":0,"scrollH":1928,"clientH":844,"vh":844}
PAD {"pad":"82px","scroll":1,"scrollH":845,"clientH":844,"vh":844}
GEO {"label":"Создать ритуал","ctaBox":{"x":120.5,"y":447.296875,"width":149,"height":52},"navBox":{"x":21,"y":784,"width":348,"height":51}}
GEO {"label":"+ Новый ритуал","ctaBox":{"x":116.96875,"y":551.296875,"width":156.046875,"height":52},"navBox":{"x":21,"y":784,"width":348,"height":51}}
PAD {"pad":"82px","scroll":1,"scrollH":845,"clientH":844,"vh":844}
GEO {"label":"Принять аскезу","ctaBox":{"x":120.5,"y":447.296875,"width":149,"height":52},"navBox":{"x":21,"y":784,"width":348,"height":51}}
GEO {"label":"+ Новая аскеза","ctaBox":{"x":119.46875,"y":551.296875,"width":151.046875,"height":52},"navBox":{"x":21,"y":784,"width":348,"height":51}}
PAD {"pad":"82px","scroll":0,"scrollH":1274,"clientH":844,"vh":844}
PAD {"pad":"82px","scroll":0,"scrollH":2003,"clientH":844,"vh":844}
PAD {"pad":"82px","scroll":0,"scrollH":1018,"clientH":876,"vh":932}
PAD {"pad":"82px","scroll":0,"scrollH":1908,"clientH":932,"vh":932}
PAD {"pad":"82px","scroll":1,"scrollH":933,"clientH":932,"vh":932}
GEO {"label":"Создать ритуал","ctaBox":{"x":140.5,"y":475.296875,"width":149,"height":52},"navBox":{"x":21,"y":872,"width":388,"height":51}}
GEO {"label":"+ Новый ритуал","ctaBox":{"x":136.96875,"y":579.296875,"width":156.046875,"height":52},"navBox":{"x":21,"y":872,"width":388,"height":51}}
PAD {"pad":"82px","scroll":1,"scrollH":933,"clientH":932,"vh":932}
GEO {"label":"Принять аскезу","ctaBox":{"x":140.5,"y":475.296875,"width":149,"height":52},"navBox":{"x":21,"y":872,"width":388,"height":51}}
GEO {"label":"+ Новая аскеза","ctaBox":{"x":139.46875,"y":579.296875,"width":151.046875,"height":52},"navBox":{"x":21,"y":872,"width":388,"height":51}}
PAD {"pad":"82px","scroll":0,"scrollH":1274,"clientH":932,"vh":932}
PAD {"pad":"82px","scroll":0,"scrollH":1983,"clientH":932,"vh":932}
