
Running 11 tests using 1 worker

[1/11] artifacts/geo/geo.spec.mjs:430:1 › локальный UX smoke по основному маршруту
artifacts/geo/geo.spec.mjs:430:1 › локальный UX smoke по основному маршруту
PAD {"pad":"82px","scroll":0,"scrollH":1018,"clientH":512,"vh":568}

PAD {"pad":"82px","scroll":0,"scrollH":2107,"clientH":568,"vh":568}

PAD {"pad":"82px","scroll":1,"scrollH":661,"clientH":568,"vh":568}

GEO {"label":"Создать ритуал","ctaBox":{"x":89.5,"y":398.296875,"width":141,"height":48},"navBox":{"x":9,"y":508,"width":302,"height":51}}

GEO {"label":"+ Новый ритуал","ctaBox":{"x":85.96875,"y":498.296875,"width":148.046875,"height":48},"navBox":{"x":9,"y":508,"width":302,"height":51}}

PAD {"pad":"82px","scroll":1,"scrollH":681,"clientH":568,"vh":568}

GEO {"label":"Принять аскезу","ctaBox":{"x":89.5,"y":417.796875,"width":141,"height":48},"navBox":{"x":9,"y":508,"width":302,"height":51}}

GEO {"label":"+ Новая аскеза","ctaBox":{"x":88.46875,"y":517.796875,"width":143.046875,"height":48},"navBox":{"x":9,"y":508,"width":302,"height":51}}

PAD {"pad":"82px","scroll":0,"scrollH":1299,"clientH":568,"vh":568}

PAD {"pad":"82px","scroll":0,"scrollH":2023,"clientH":568,"vh":568}

PAD {"pad":"82px","scroll":0,"scrollH":1018,"clientH":756,"vh":812}

PAD {"pad":"82px","scroll":0,"scrollH":1928,"clientH":812,"vh":812}

PAD {"pad":"82px","scroll":1,"scrollH":813,"clientH":812,"vh":812}

GEO {"label":"Создать ритуал","ctaBox":{"x":113,"y":436.796875,"width":149,"height":52},"navBox":{"x":21,"y":752,"width":333,"height":51}}

GEO {"label":"+ Новый ритуал","ctaBox":{"x":109.46875,"y":540.796875,"width":156.046875,"height":52},"navBox":{"x":21,"y":752,"width":333,"height":51}}

PAD {"pad":"82px","scroll":1,"scrollH":813,"clientH":812,"vh":812}

GEO {"label":"Принять аскезу","ctaBox":{"x":113,"y":436.796875,"width":149,"height":52},"navBox":{"x":21,"y":752,"width":333,"height":51}}

GEO {"label":"+ Новая аскеза","ctaBox":{"x":111.96875,"y":540.796875,"width":151.046875,"height":52},"navBox":{"x":21,"y":752,"width":333,"height":51}}

PAD {"pad":"82px","scroll":0,"scrollH":1274,"clientH":812,"vh":812}

PAD {"pad":"82px","scroll":0,"scrollH":2023,"clientH":812,"vh":812}

PAD {"pad":"82px","scroll":0,"scrollH":1018,"clientH":788,"vh":844}

PAD {"pad":"82px","scroll":0,"scrollH":1928,"clientH":844,"vh":844}

PAD {"pad":"82px","scroll":1,"scrollH":845,"clientH":844,"vh":844}

GEO {"label":"Создать ритуал","ctaBox":{"x":120.5,"y":447.296875,"width":149,"height":52},"navBox":{"x":21,"y":784,"width":348,"height":51}}

GEO {"label":"+ Новый ритуал","ctaBox":{"x":116.96875,"y":551.296875,"width":156.046875,"height":52},"navBox":{"x":21,"y":784,"width":348,"height":51}}

PAD {"pad":"82px","scroll":1,"scrollH":845,"clientH":844,"vh":844}

GEO {"label":"Принять аскезу","ctaBox":{"x":120.5,"y":447.296875,"width":149,"height":52},"navBox":{"x":21,"y":784,"width":348,"height":51}}

GEO {"label":"+ Новая аскеза","ctaBox":{"x":119.46875,"y":551.296875,"width":151.046875,"height":52},"navBox":{"x":21,"y":784,"width":348,"height":51}}

PAD {"pad":"82px","scroll":0,"scrollH":1274,"clientH":844,"vh":844}

PAD {"pad":"82px","scroll":0,"scrollH":2003,"clientH":844,"vh":844}

PAD {"pad":"82px","scroll":0,"scrollH":1018,"clientH":876,"vh":932}

PAD {"pad":"82px","scroll":0,"scrollH":1908,"clientH":932,"vh":932}

PAD {"pad":"82px","scroll":1,"scrollH":933,"clientH":932,"vh":932}

GEO {"label":"Создать ритуал","ctaBox":{"x":140.5,"y":475.296875,"width":149,"height":52},"navBox":{"x":21,"y":872,"width":388,"height":51}}

GEO {"label":"+ Новый ритуал","ctaBox":{"x":136.96875,"y":579.296875,"width":156.046875,"height":52},"navBox":{"x":21,"y":872,"width":388,"height":51}}

PAD {"pad":"82px","scroll":1,"scrollH":933,"clientH":932,"vh":932}

GEO {"label":"Принять аскезу","ctaBox":{"x":140.5,"y":475.296875,"width":149,"height":52},"navBox":{"x":21,"y":872,"width":388,"height":51}}

GEO {"label":"+ Новая аскеза","ctaBox":{"x":139.46875,"y":579.296875,"width":151.046875,"height":52},"navBox":{"x":21,"y":872,"width":388,"height":51}}

PAD {"pad":"82px","scroll":0,"scrollH":1274,"clientH":932,"vh":932}

PAD {"pad":"82px","scroll":0,"scrollH":1983,"clientH":932,"vh":932}

  1) artifacts/geo/geo.spec.mjs:430:1 › локальный UX smoke по основному маршруту ───────────────────

    Error: UX check: 320x568/Rituals

    expect(received).toEqual(expected) // deep equality

    - Expected  - 1
    + Received  + 9

    - Array []
    + Array [
    +   Object {
    +     "reason": "Нижняя навигация перекрывает CTA «+ Новый ритуал»",
    +     "screen": "Rituals",
    +     "screenshot": "320x568/04-rituals.png",
    +     "status": "fail",
    +     "viewport": "320x568",
    +   },
    + ]

      849 |     failed,
      850 |     `UX check: ${failed.map(item => `${item.viewport}/${item.screen}`).join(', ')}`
    > 851 |   ).toEqual([])
          |     ^
      852 | })
      853 |
      854 | test('Mentor PersonaPicker сохраняет тематическую рамку без pager и gap под навигацией', async ({
        at /app/artifacts/geo/geo.spec.mjs:851:5

    Error Context: artifacts/geo/out/geo-локальный-UX-smoke-по-основному-маршруту/error-context.md


[2/11] artifacts/geo/geo.spec.mjs:854:1 › Mentor PersonaPicker сохраняет тематическую рамку без pager и gap под навигацией
[3/11] artifacts/geo/geo.spec.mjs:1006:6 › Legacy: History показывает user-scoped local Journal на mobile и tablet
[4/11] artifacts/geo/geo.spec.mjs:1095:1 › прямая web-ссылка автоматически создаёт гостя; email и Telegram доступны из Профиля
[5/11] artifacts/geo/geo.spec.mjs:1143:1 › ошибка гостевого входа оставляет рабочий email и повтор гостевого входа
[6/11] artifacts/geo/geo.spec.mjs:1164:1 › email-подтверждение не запускает автогостя
[7/11] artifacts/geo/geo.spec.mjs:1182:1 › Telegram Mini App не создаёт web-гостя
[8/11] artifacts/geo/geo.spec.mjs:1202:1 › Today не маскирует ошибку критичного API под пустой список практик
[9/11] artifacts/geo/geo.spec.mjs:1248:1 › Today retry после критичного сбоя повторно загружает данные без пустого cache snapshot
[10/11] artifacts/geo/geo.spec.mjs:1293:1 › Evening Review проходится real touch tap на 390x844
[11/11] artifacts/geo/geo.spec.mjs:1336:1 › демо на реальном телефоне 440×956 — капсула активной вкладки, сворачивание навбара, production-размеры
  1 failed
    artifacts/geo/geo.spec.mjs:430:1 › локальный UX smoke по основному маршруту ────────────────────
  1 skipped
  9 passed (43.0s)
